// Jest Snapshot v1, https://goo.gl/fbAQLP

exports[`<Home /> should render home correctly 1`] = `
<header class="header">
  <div class="header-group">
    <div class="flex flex-col md:flex-row items-center justify-between py-10">
      <div class="w-28 lg:w-36"><img class="w-full" src="" alt="logo"></div>
      <div class="flex flex-col sm:flex-row"><button class="px-6 py-2 font-bold rounded-full text-white focus:outline-none"> Crie uma conta </button><button class="px-6 py-2 font-bol rounded-full bg-white text-brand-main focus:outline-none"> Entrar </button></div>
    </div>
    <div class="flex flex-col mt-28">
      <h1 class="text-4xl font-black text-white"> Tenha um feedbacker. <br> E faça seus clientes mais <br class="hidden lg:inline-block"> felizes! </h1>
      <p class="text-lg font-medium text-white"> Receba ideias, reclamações e feedbacks com um <br class="hidden lg:inline-block"> simples widget na página. </p>
      <div><button class="px-6 py-2 mt-10 font-bold rounded-full bg-white text-brand-main focus:outline-none"> Crie uma conta grátis </button></div>
    </div>
  </div>
</header>
<section class="flex justify-center w-full">
  <div class="flex flex-col items-center w-4/5 max-w-6xl my-16">
    <h1 class="text-4xl font-black text-center text-gray-800"> Alguma dúvida? </h1>
    <p class="text-lg text-center text-gray-800 font-regular"> Quer saber melhor como funciona e quais são os preços? </p>
    <div class="mt-10"><a href="mailto:" class="px-6 py-2 mt-10 font-bold text-white rounded-full bg-brand-main focus:outline-none"> Nos mande um e-mail </a></div>
  </div>
</section>
<footer class="flex justify-center py-10 bg-brand-gray">
  <p class="font-medium text-center text-gray-800">feedbacker © 2022</p>
</footer>
`;
